<?xml version="1.0" encoding="UTF-8"?>
<!DOCTYPE html>
<html lang="en">
<head>
  <meta http-equiv="Content-Type" content="text/html; charset=utf-8" />
<!-- examples.qdoc -->
  <title>UI Components | Test</title>
</head>
<body>
<div class="sidebar"><div class="sidebar-content" id="sidebar-content"></div></div>
<h1 class="title">UI Components</h1>
<span class="subtitle"></span>
<!-- $$$UIComponents-description -->
<div class="descr"> <a name="details"></a>
<p>This is a listing of a list of UI components implemented by QML types. These files are available for general import and they are based on the Qt Quick Code Samples.</p>
<p>This module is part of the <a href="test-componentset-example.html">UIComponents</a> example.</p>
</div>
<!-- @@@UIComponents -->
</body>
</html>
